64.246.161.190 - - [07/Aug/2014:00:10:46 +0200] "GET /robots.txt HTTP/1.0" 200 132 www.linkea.eu "-" "Mozilla/5.0 (Windows; U; Windows NT 5.1; en; rv:1.9.0.13) Gecko/2009073022 Firefox/3.5.2 (.NET CLR 3.5.30729) SurveyBot/2.3 (DomainTools)" "-"
64.246.161.190 - - [07/Aug/2014:00:10:46 +0200] "GET / HTTP/1.1" 302 211 www.linkea.eu "http://whois.domaintools.com/linkea.eu" "Mozilla/5.0 (Windows; U; Windows NT 5.1; en; rv:1.9.0.13) Gecko/2009073022 Firefox/3.5.2 (.NET CLR 3.5.30729) SurveyBot/2.3 (DomainTools)" "-"
64.246.161.190 - - [07/Aug/2014:00:10:47 +0200] "GET /admin/ HTTP/1.1" 200 2223 www.linkea.eu "http://whois.domaintools.com/linkea.eu" "Mozilla/5.0 (Windows; U; Windows NT 5.1; en; rv:1.9.0.13) Gecko/2009073022 Firefox/3.5.2 (.NET CLR 3.5.30729) SurveyBot/2.3 (DomainTools)" "-"
46.165.197.142 - - [07/Aug/2014:00:11:01 +0200] "GET /robots.txt HTTP/1.0" 403 - xaime.net "-" "Mozilla/5.0 (compatible; MJ12bot/v1.4.5; http://www.majestic12.co.uk/bot.php?+)" "-"
173.192.238.44 - - [07/Aug/2014:00:13:02 +0200] "GET / HTTP/1.1" 304 - xaime.net "-" "Mozilla/5.0 (X11; U; Linux x86_64; en-US; rv:1.9.0.19; aggregator:Spinn3r (Spinn3r 3.1); http://spinn3r.com/robot) Gecko/2010040121 Firefox/3.0.19" "-"
100.43.91.17 - - [07/Aug/2014:00:14:17 +0200] "GET /robots.txt HTTP/1.1" 404 1363 www.xaime.net "-" "Mozilla/5.0 (compatible; YandexBot/3.0; +http://yandex.com/bots)" "-"
100.43.91.17 - - [07/Aug/2014:00:14:18 +0200] "GET /robots.txt HTTP/1.1" 404 1363 xaime.net "-" "Mozilla/5.0 (compatible; YandexBot/3.0; +http://yandex.com/bots)" "-"
100.43.91.17 - - [07/Aug/2014:00:14:20 +0200] "GET / HTTP/1.1" 200 1981 www.xaime.net "-" "Mozilla/5.0 (compatible; YandexBot/3.0; +http://yandex.com/bots)" "-"
100.43.91.17 - - [07/Aug/2014:00:14:20 +0200] "GET / HTTP/1.1" 200 1981 xaime.net "-" "Mozilla/5.0 (compatible; YandexBot/3.0; +http://yandex.com/bots)" "-"
100.43.91.17 - - [07/Aug/2014:00:14:26 +0200] "GET / HTTP/1.1" 200 1981 xaime.net "-" "Mozilla/5.0 (compatible; YandexBot/3.0; +http://yandex.com/bots)" "-"
100.43.91.17 - - [07/Aug/2014:00:14:27 +0200] "GET / HTTP/1.1" 200 1981 www.xaime.net "-" "Mozilla/5.0 (compatible; YandexBot/3.0; +http://yandex.com/bots)" "-"
174.36.228.156 - - [07/Aug/2014:00:18:06 +0200] "GET /feed/atom/ HTTP/1.1" 404 1363 xaime.net "-" "Mozilla/5.0 (X11; U; Linux x86_64; en-US; rv:1.9.0.19; aggregator:Spinn3r (Spinn3r 3.1); http://spinn3r.com/robot) Gecko/2010040121 Firefox/3.0.19" "-"
123.125.71.113 - - [07/Aug/2014:00:29:02 +0200] "GET / HTTP/1.1" 200 1981 xaime.net "-" "Mozilla/5.0 (compatible; Baiduspider/2.0; +http://www.baidu.com/search/spider.html)" "-"
220.181.108.149 - - [07/Aug/2014:00:29:14 +0200] "GET / HTTP/1.1" 200 1981 xaime.net "-" "Mozilla/5.0 (compatible; Baiduspider/2.0; +http://www.baidu.com/search/spider.html)" "-"
174.36.228.156 - - [07/Aug/2014:00:43:07 +0200] "GET / HTTP/1.1" 304 - xaime.net "-" "Mozilla/5.0 (X11; U; Linux x86_64; en-US; rv:1.9.0.19; aggregator:Spinn3r (Spinn3r 3.1); http://spinn3r.com/robot) Gecko/2010040121 Firefox/3.0.19" "-"
174.36.241.151 - - [07/Aug/2014:00:48:17 +0200] "GET /feed/atom/ HTTP/1.1" 404 1363 xaime.net "-" "Mozilla/5.0 (X11; U; Linux x86_64; en-US; rv:1.9.0.19; aggregator:Spinn3r (Spinn3r 3.1); http://spinn3r.com/robot) Gecko/2010040121 Firefox/3.0.19" "-"
174.36.241.151 - - [07/Aug/2014:01:13:13 +0200] "GET / HTTP/1.1" 304 - xaime.net "-" "Mozilla/5.0 (X11; U; Linux x86_64; en-US; rv:1.9.0.19; aggregator:Spinn3r (Spinn3r 3.1); http://spinn3r.com/robot) Gecko/2010040121 Firefox/3.0.19" "-"
173.192.238.41 - - [07/Aug/2014:01:18:24 +0200] "GET /feed/atom/ HTTP/1.1" 404 1363 xaime.net "-" "Mozilla/5.0 (X11; U; Linux x86_64; en-US; rv:1.9.0.19; aggregator:Spinn3r (Spinn3r 3.1); http://spinn3r.com/robot) Gecko/2010040121 Firefox/3.0.19" "-"
37.11.187.211 - - [07/Aug/2014:01:29:25 +0200] "GET /wp-content/uploads/2009/01/feij009.jpg HTTP/1.1" 404 1363 xaime.net "http://desmadre2004.blogspot.com.es/search?updated-min=2009-01-01T00:00:00%2B01:00&updated-max=2010-01-01T00:00:00%2B01:00&max-results=36" "Mozilla/5.0 (Windows NT 6.3; WOW64; rv:31.0) Gecko/20100101 Firefox/31.0" "-"
37.11.187.211 - - [07/Aug/2014:01:35:47 +0200] "GET / HTTP/1.1" 304 - xaime.net "http://blogdeloli.blogspot.com.es/2007/01/ejemplo-de-pluralismo.html" "Mozilla/5.0 (Windows NT 6.3; WOW64; rv:31.0) Gecko/20100101 Firefox/31.0" "-"
37.11.187.211 - - [07/Aug/2014:01:35:47 +0200] "GET /peixe.gif HTTP/1.1" 304 - xaime.net "http://xaime.net/" "Mozilla/5.0 (Windows NT 6.3; WOW64; rv:31.0) Gecko/20100101 Firefox/31.0" "-"
37.11.187.211 - - [07/Aug/2014:01:35:57 +0200] "GET /2009/02/24/consello-de-ministros/ HTTP/1.1" 404 1363 xaime.net "http://blogdeloli.blogspot.com.es/2007/01/ejemplo-de-pluralismo.html" "Mozilla/5.0 (Windows NT 6.3; WOW64; rv:31.0) Gecko/20100101 Firefox/31.0" "-"
174.36.228.156 - - [07/Aug/2014:01:43:26 +0200] "GET / HTTP/1.1" 304 - xaime.net "-" "Mozilla/5.0 (X11; U; Linux x86_64; en-US; rv:1.9.0.19; aggregator:Spinn3r (Spinn3r 3.1); http://spinn3r.com/robot) Gecko/2010040121 Firefox/3.0.19" "-"
174.36.228.156 - - [07/Aug/2014:01:48:34 +0200] "GET /feed/atom/ HTTP/1.1" 404 1363 xaime.net "-" "Mozilla/5.0 (X11; U; Linux x86_64; en-US; rv:1.9.0.19; aggregator:Spinn3r (Spinn3r 3.1); http://spinn3r.com/robot) Gecko/2010040121 Firefox/3.0.19" "-"
173.192.238.58 - - [07/Aug/2014:02:13:34 +0200] "GET / HTTP/1.1" 304 - xaime.net "-" "Mozilla/5.0 (X11; U; Linux x86_64; en-US; rv:1.9.0.19; aggregator:Spinn3r (Spinn3r 3.1); http://spinn3r.com/robot) Gecko/2010040121 Firefox/3.0.19" "-"
174.36.241.151 - - [07/Aug/2014:02:18:40 +0200] "GET /feed/atom/ HTTP/1.1" 404 1363 xaime.net "-" "Mozilla/5.0 (X11; U; Linux x86_64; en-US; rv:1.9.0.19; aggregator:Spinn3r (Spinn3r 3.1); http://spinn3r.com/robot) Gecko/2010040121 Firefox/3.0.19" "-"
173.192.238.44 - - [07/Aug/2014:02:43:40 +0200] "GET / HTTP/1.1" 304 - xaime.net "-" "Mozilla/5.0 (X11; U; Linux x86_64; en-US; rv:1.9.0.19; aggregator:Spinn3r (Spinn3r 3.1); http://spinn3r.com/robot) Gecko/2010040121 Firefox/3.0.19" "-"
174.37.205.76 - - [07/Aug/2014:02:49:41 +0200] "GET /feed/atom/ HTTP/1.1" 404 1363 xaime.net "-" "Mozilla/5.0 (X11; U; Linux x86_64; en-US; rv:1.9.0.19; aggregator:Spinn3r (Spinn3r 3.1); http://spinn3r.com/robot) Gecko/2010040121 Firefox/3.0.19" "-"
173.192.238.58 - - [07/Aug/2014:03:13:45 +0200] "GET / HTTP/1.1" 304 - xaime.net "-" "Mozilla/5.0 (X11; U; Linux x86_64; en-US; rv:1.9.0.19; aggregator:Spinn3r (Spinn3r 3.1); http://spinn3r.com/robot) Gecko/2010040121 Firefox/3.0.19" "-"
173.192.238.41 - - [07/Aug/2014:03:19:54 +0200] "GET /feed/atom/ HTTP/1.1" 404 1363 xaime.net "-" "Mozilla/5.0 (X11; U; Linux x86_64; en-US; rv:1.9.0.19; aggregator:Spinn3r (Spinn3r 3.1); http://spinn3r.com/robot) Gecko/2010040121 Firefox/3.0.19" "-"
46.4.48.68 - - [07/Aug/2014:03:20:01 +0200] "GET / HTTP/1.1" 200 1981 xaime.net "http://xaime.net/" "Mozilla/5.0 (Windows NT 6.1; WOW64; rv:30.0) Gecko/20100101 Firefox/30.0" "-"
174.37.205.76 - - [07/Aug/2014:03:43:47 +0200] "GET / HTTP/1.1" 304 - xaime.net "-" "Mozilla/5.0 (X11; U; Linux x86_64; en-US; rv:1.9.0.19; aggregator:Spinn3r (Spinn3r 3.1); http://spinn3r.com/robot) Gecko/2010040121 Firefox/3.0.19" "-"
174.36.241.151 - - [07/Aug/2014:03:49:58 +0200] "GET /feed/atom/ HTTP/1.1" 404 1363 xaime.net "-" "Mozilla/5.0 (X11; U; Linux x86_64; en-US; rv:1.9.0.19; aggregator:Spinn3r (Spinn3r 3.1); http://spinn3r.com/robot) Gecko/2010040121 Firefox/3.0.19" "-"
157.55.39.112 - - [07/Aug/2014:04:04:45 +0200] "GET / HTTP/1.1" 200 1981 xaime.net "-" "Mozilla/5.0 (compatible; bingbot/2.0; +http://www.bing.com/bingbot.htm)" "-"
174.37.205.76 - - [07/Aug/2014:04:13:56 +0200] "GET / HTTP/1.1" 304 - xaime.net "-" "Mozilla/5.0 (X11; U; Linux x86_64; en-US; rv:1.9.0.19; aggregator:Spinn3r (Spinn3r 3.1); http://spinn3r.com/robot) Gecko/2010040121 Firefox/3.0.19" "-"
193.144.79.144 - - [07/Aug/2014:04:20:10 +0200] "GET /feed/ HTTP/1.1" 404 1363 xaime.net "-" "-" "-"
173.192.238.44 - - [07/Aug/2014:04:20:13 +0200] "GET /feed/atom/ HTTP/1.1" 404 1363 xaime.net "-" "Mozilla/5.0 (X11; U; Linux x86_64; en-US; rv:1.9.0.19; aggregator:Spinn3r (Spinn3r 3.1); http://spinn3r.com/robot) Gecko/2010040121 Firefox/3.0.19" "-"
180.76.5.94 - - [07/Aug/2014:04:30:32 +0200] "GET /robots.txt HTTP/1.1" 404 1363 www.xaime.net "-" "Mozilla/5.0 (Windows NT 5.1; rv:6.0.2) Gecko/20100101 Firefox/6.0.2" "-"
180.76.5.170 - - [07/Aug/2014:04:30:47 +0200] "GET / HTTP/1.1" 200 1981 www.xaime.net "-" "Mozilla/5.0 (compatible; Baiduspider/2.0; +http://www.baidu.com/search/spider.html)" "-"
174.36.228.156 - - [07/Aug/2014:04:43:58 +0200] "GET / HTTP/1.1" 304 - xaime.net "-" "Mozilla/5.0 (X11; U; Linux x86_64; en-US; rv:1.9.0.19; aggregator:Spinn3r (Spinn3r 3.1); http://spinn3r.com/robot) Gecko/2010040121 Firefox/3.0.19" "-"
173.192.238.44 - - [07/Aug/2014:04:50:24 +0200] "GET /feed/atom/ HTTP/1.1" 404 1363 xaime.net "-" "Mozilla/5.0 (X11; U; Linux x86_64; en-US; rv:1.9.0.19; aggregator:Spinn3r (Spinn3r 3.1); http://spinn3r.com/robot) Gecko/2010040121 Firefox/3.0.19" "-"
66.249.67.158 - - [07/Aug/2014:05:08:22 +0200] "GET /2006/11/07/nada-menos/feed/ HTTP/1.1" 404 1363 xaime.net "-" "Mozilla/5.0 (compatible; Googlebot/2.1; +http://www.google.com/bot.html)" "-"
174.36.228.156 - - [07/Aug/2014:05:14:32 +0200] "GET / HTTP/1.1" 304 - xaime.net "-" "Mozilla/5.0 (X11; U; Linux x86_64; en-US; rv:1.9.0.19; aggregator:Spinn3r (Spinn3r 3.1); http://spinn3r.com/robot) Gecko/2010040121 Firefox/3.0.19" "-"
173.192.238.58 - - [07/Aug/2014:05:20:36 +0200] "GET /feed/atom/ HTTP/1.1" 404 1363 xaime.net "-" "Mozilla/5.0 (X11; U; Linux x86_64; en-US; rv:1.9.0.19; aggregator:Spinn3r (Spinn3r 3.1); http://spinn3r.com/robot) Gecko/2010040121 Firefox/3.0.19" "-"
174.36.228.156 - - [07/Aug/2014:05:44:43 +0200] "GET / HTTP/1.1" 304 - xaime.net "-" "Mozilla/5.0 (X11; U; Linux x86_64; en-US; rv:1.9.0.19; aggregator:Spinn3r (Spinn3r 3.1); http://spinn3r.com/robot) Gecko/2010040121 Firefox/3.0.19" "-"
174.36.241.151 - - [07/Aug/2014:05:50:45 +0200] "GET /feed/atom/ HTTP/1.1" 404 1363 xaime.net "-" "Mozilla/5.0 (X11; U; Linux x86_64; en-US; rv:1.9.0.19; aggregator:Spinn3r (Spinn3r 3.1); http://spinn3r.com/robot) Gecko/2010040121 Firefox/3.0.19" "-"
174.36.228.156 - - [07/Aug/2014:06:14:48 +0200] "GET / HTTP/1.1" 304 - xaime.net "-" "Mozilla/5.0 (X11; U; Linux x86_64; en-US; rv:1.9.0.19; aggregator:Spinn3r (Spinn3r 3.1); http://spinn3r.com/robot) Gecko/2010040121 Firefox/3.0.19" "-"
173.192.238.58 - - [07/Aug/2014:06:20:50 +0200] "GET /feed/atom/ HTTP/1.1" 404 1363 xaime.net "-" "Mozilla/5.0 (X11; U; Linux x86_64; en-US; rv:1.9.0.19; aggregator:Spinn3r (Spinn3r 3.1); http://spinn3r.com/robot) Gecko/2010040121 Firefox/3.0.19" "-"
199.187.122.91 - - [07/Aug/2014:06:35:01 +0200] "GET /robots.txt HTTP/1.1" 404 1363 xaime.net "-" "Mozilla/4.0 (compatible; MSIE 6.0; Windows NT 5.1; SV1; .NET CLR 2.0.50727)" "-"
174.37.205.76 - - [07/Aug/2014:06:44:59 +0200] "GET / HTTP/1.1" 304 - xaime.net "-" "Mozilla/5.0 (X11; U; Linux x86_64; en-US; rv:1.9.0.19; aggregator:Spinn3r (Spinn3r 3.1); http://spinn3r.com/robot) Gecko/2010040121 Firefox/3.0.19" "-"
66.249.67.132 - - [07/Aug/2014:06:46:33 +0200] "GET /feed/atom/ HTTP/1.1" 404 1363 xaime.net "-" "Mozilla/5.0 (compatible; Googlebot/2.1; +http://www.google.com/bot.html)" "-"
173.192.238.58 - - [07/Aug/2014:06:51:09 +0200] "GET /feed/atom/ HTTP/1.1" 404 1363 xaime.net "-" "Mozilla/5.0 (X11; U; Linux x86_64; en-US; rv:1.9.0.19; aggregator:Spinn3r (Spinn3r 3.1); http://spinn3r.com/robot) Gecko/2010040121 Firefox/3.0.19" "-"
173.192.238.58 - - [07/Aug/2014:07:15:06 +0200] "GET / HTTP/1.1" 304 - xaime.net "-" "Mozilla/5.0 (X11; U; Linux x86_64; en-US; rv:1.9.0.19; aggregator:Spinn3r (Spinn3r 3.1); http://spinn3r.com/robot) Gecko/2010040121 Firefox/3.0.19" "-"
174.36.241.151 - - [07/Aug/2014:07:21:20 +0200] "GET /feed/atom/ HTTP/1.1" 404 1363 xaime.net "-" "Mozilla/5.0 (X11; U; Linux x86_64; en-US; rv:1.9.0.19; aggregator:Spinn3r (Spinn3r 3.1); http://spinn3r.com/robot) Gecko/2010040121 Firefox/3.0.19" "-"
173.192.238.44 - - [07/Aug/2014:07:45:12 +0200] "GET / HTTP/1.1" 304 - xaime.net "-" "Mozilla/5.0 (X11; U; Linux x86_64; en-US; rv:1.9.0.19; aggregator:Spinn3r (Spinn3r 3.1); http://spinn3r.com/robot) Gecko/2010040121 Firefox/3.0.19" "-"
173.192.238.44 - - [07/Aug/2014:07:51:27 +0200] "GET /feed/atom/ HTTP/1.1" 404 1363 xaime.net "-" "Mozilla/5.0 (X11; U; Linux x86_64; en-US; rv:1.9.0.19; aggregator:Spinn3r (Spinn3r 3.1); http://spinn3r.com/robot) Gecko/2010040121 Firefox/3.0.19" "-"
173.192.238.58 - - [07/Aug/2014:08:15:23 +0200] "GET / HTTP/1.1" 304 - xaime.net "-" "Mozilla/5.0 (X11; U; Linux x86_64; en-US; rv:1.9.0.19; aggregator:Spinn3r (Spinn3r 3.1); http://spinn3r.com/robot) Gecko/2010040121 Firefox/3.0.19" "-"
173.192.238.58 - - [07/Aug/2014:08:21:30 +0200] "GET /feed/atom/ HTTP/1.1" 404 1363 xaime.net "-" "Mozilla/5.0 (X11; U; Linux x86_64; en-US; rv:1.9.0.19; aggregator:Spinn3r (Spinn3r 3.1); http://spinn3r.com/robot) Gecko/2010040121 Firefox/3.0.19" "-"
174.37.205.76 - - [07/Aug/2014:08:45:30 +0200] "GET / HTTP/1.1" 304 - xaime.net "-" "Mozilla/5.0 (X11; U; Linux x86_64; en-US; rv:1.9.0.19; aggregator:Spinn3r (Spinn3r 3.1); http://spinn3r.com/robot) Gecko/2010040121 Firefox/3.0.19" "-"
174.36.228.156 - - [07/Aug/2014:08:51:38 +0200] "GET /feed/atom/ HTTP/1.1" 404 1363 xaime.net "-" "Mozilla/5.0 (X11; U; Linux x86_64; en-US; rv:1.9.0.19; aggregator:Spinn3r (Spinn3r 3.1); http://spinn3r.com/robot) Gecko/2010040121 Firefox/3.0.19" "-"
180.76.5.75 - - [07/Aug/2014:09:09:53 +0200] "GET /robots.txt HTTP/1.1" 404 1363 xaime.net "-" "Mozilla/5.0 (Windows NT 5.1; rv:6.0.2) Gecko/20100101 Firefox/6.0.2" "-"
64.74.215.113 - - [07/Aug/2014:09:10:18 +0200] "HEAD / HTTP/1.1" 200 - xaime.net "-" "'Mozilla/5.0 (compatible; MSIE 9.0; Windows NT 6.1; Trident/5.0)'" "-"
180.76.5.175 - - [07/Aug/2014:09:11:41 +0200] "GET /escolarizado.html HTTP/1.1" 404 1363 xaime.net "-" "Mozilla/5.0 (compatible; Baiduspider/2.0; +http://www.baidu.com/search/spider.html)" "-"
173.192.238.41 - - [07/Aug/2014:09:15:33 +0200] "GET / HTTP/1.1" 304 - xaime.net "-" "Mozilla/5.0 (X11; U; Linux x86_64; en-US; rv:1.9.0.19; aggregator:Spinn3r (Spinn3r 3.1); http://spinn3r.com/robot) Gecko/2010040121 Firefox/3.0.19" "-"
174.36.228.156 - - [07/Aug/2014:09:21:49 +0200] "GET /feed/atom/ HTTP/1.1" 404 1363 xaime.net "-" "Mozilla/5.0 (X11; U; Linux x86_64; en-US; rv:1.9.0.19; aggregator:Spinn3r (Spinn3r 3.1); http://spinn3r.com/robot) Gecko/2010040121 Firefox/3.0.19" "-"
174.37.205.76 - - [07/Aug/2014:09:46:18 +0200] "GET / HTTP/1.1" 304 - xaime.net "-" "Mozilla/5.0 (X11; U; Linux x86_64; en-US; rv:1.9.0.19; aggregator:Spinn3r (Spinn3r 3.1); http://spinn3r.com/robot) Gecko/2010040121 Firefox/3.0.19" "-"
174.36.228.156 - - [07/Aug/2014:09:52:01 +0200] "GET /feed/atom/ HTTP/1.1" 404 1363 xaime.net "-" "Mozilla/5.0 (X11; U; Linux x86_64; en-US; rv:1.9.0.19; aggregator:Spinn3r (Spinn3r 3.1); http://spinn3r.com/robot) Gecko/2010040121 Firefox/3.0.19" "-"
65.19.138.34 - - [07/Aug/2014:09:56:00 +0200] "GET /feed/ HTTP/1.1" 404 1363 xaime.net "-" "Feedly/1.0 (+http://www.feedly.com/fetcher.html; like FeedFetcher-Google)" "-"
173.192.238.41 - - [07/Aug/2014:10:16:24 +0200] "GET / HTTP/1.1" 304 - xaime.net "-" "Mozilla/5.0 (X11; U; Linux x86_64; en-US; rv:1.9.0.19; aggregator:Spinn3r (Spinn3r 3.1); http://spinn3r.com/robot) Gecko/2010040121 Firefox/3.0.19" "-"
173.192.238.41 - - [07/Aug/2014:10:22:12 +0200] "GET /feed/atom/ HTTP/1.1" 404 1363 xaime.net "-" "Mozilla/5.0 (X11; U; Linux x86_64; en-US; rv:1.9.0.19; aggregator:Spinn3r (Spinn3r 3.1); http://spinn3r.com/robot) Gecko/2010040121 Firefox/3.0.19" "-"
123.125.71.103 - - [07/Aug/2014:10:28:18 +0200] "GET / HTTP/1.1" 200 1981 xaime.net "-" "Mozilla/5.0 (compatible; Baiduspider/2.0; +http://www.baidu.com/search/spider.html)" "-"
220.181.108.187 - - [07/Aug/2014:10:28:34 +0200] "GET / HTTP/1.1" 200 1981 xaime.net "-" "Mozilla/5.0 (compatible; Baiduspider/2.0; +http://www.baidu.com/search/spider.html)" "-"
66.249.67.81 - - [07/Aug/2014:10:42:17 +0200] "GET /robots.txt HTTP/1.1" 404 1363 www.xaime.net "-" "Mozilla/5.0 (compatible; Googlebot/2.1; +http://www.google.com/bot.html)" "-"
66.249.67.94 - - [07/Aug/2014:10:42:17 +0200] "GET / HTTP/1.1" 200 1981 www.xaime.net "-" "Mozilla/5.0 (compatible; Googlebot/2.1; +http://www.google.com/bot.html)" "-"
173.192.238.58 - - [07/Aug/2014:10:46:27 +0200] "GET / HTTP/1.1" 304 - xaime.net "-" "Mozilla/5.0 (X11; U; Linux x86_64; en-US; rv:1.9.0.19; aggregator:Spinn3r (Spinn3r 3.1); http://spinn3r.com/robot) Gecko/2010040121 Firefox/3.0.19" "-"
174.37.205.76 - - [07/Aug/2014:10:52:21 +0200] "GET /feed/atom/ HTTP/1.1" 404 1363 xaime.net "-" "Mozilla/5.0 (X11; U; Linux x86_64; en-US; rv:1.9.0.19; aggregator:Spinn3r (Spinn3r 3.1); http://spinn3r.com/robot) Gecko/2010040121 Firefox/3.0.19" "-"
85.155.243.18 - - [07/Aug/2014:11:12:24 +0200] "GET /favicon.ico HTTP/1.1" 404 1363 xaime.net "http://blogdeloli.blogspot.com.es/" "Mozilla/5.0 (Windows NT 6.1) AppleWebKit/537.36 (KHTML, like Gecko) Chrome/36.0.1985.125 Safari/537.36" "-"
174.36.228.156 - - [07/Aug/2014:11:16:32 +0200] "GET / HTTP/1.1" 304 - xaime.net "-" "Mozilla/5.0 (X11; U; Linux x86_64; en-US; rv:1.9.0.19; aggregator:Spinn3r (Spinn3r 3.1); http://spinn3r.com/robot) Gecko/2010040121 Firefox/3.0.19" "-"
174.37.205.76 - - [07/Aug/2014:11:22:28 +0200] "GET /feed/atom/ HTTP/1.1" 404 1363 xaime.net "-" "Mozilla/5.0 (X11; U; Linux x86_64; en-US; rv:1.9.0.19; aggregator:Spinn3r (Spinn3r 3.1); http://spinn3r.com/robot) Gecko/2010040121 Firefox/3.0.19" "-"
208.115.111.71 - - [07/Aug/2014:11:23:55 +0200] "GET /robots.txt HTTP/1.1" 404 1363 www.xaime.net "-" "Mozilla/5.0 (compatible; DotBot/1.1; http://www.opensiteexplorer.org/dotbot, help@moz.com)" "-"
174.36.241.151 - - [07/Aug/2014:11:46:37 +0200] "GET / HTTP/1.1" 304 - xaime.net "-" "Mozilla/5.0 (X11; U; Linux x86_64; en-US; rv:1.9.0.19; aggregator:Spinn3r (Spinn3r 3.1); http://spinn3r.com/robot) Gecko/2010040121 Firefox/3.0.19" "-"
173.192.238.41 - - [07/Aug/2014:11:52:31 +0200] "GET /feed/atom/ HTTP/1.1" 404 1363 xaime.net "-" "Mozilla/5.0 (X11; U; Linux x86_64; en-US; rv:1.9.0.19; aggregator:Spinn3r (Spinn3r 3.1); http://spinn3r.com/robot) Gecko/2010040121 Firefox/3.0.19" "-"
173.192.238.41 - - [07/Aug/2014:12:16:44 +0200] "GET / HTTP/1.1" 304 - xaime.net "-" "Mozilla/5.0 (X11; U; Linux x86_64; en-US; rv:1.9.0.19; aggregator:Spinn3r (Spinn3r 3.1); http://spinn3r.com/robot) Gecko/2010040121 Firefox/3.0.19" "-"
174.36.228.156 - - [07/Aug/2014:12:22:39 +0200] "GET /feed/atom/ HTTP/1.1" 404 1363 xaime.net "-" "Mozilla/5.0 (X11; U; Linux x86_64; en-US; rv:1.9.0.19; aggregator:Spinn3r (Spinn3r 3.1); http://spinn3r.com/robot) Gecko/2010040121 Firefox/3.0.19" "-"
208.115.111.71 - - [07/Aug/2014:12:24:20 +0200] "GET /defaultsite HTTP/1.1" 200 1360 www.xaime.net "-" "Mozilla/5.0 (compatible; DotBot/1.1; http://www.opensiteexplorer.org/dotbot, help@moz.com)" "-"
123.125.71.78 - - [07/Aug/2014:12:26:27 +0200] "GET / HTTP/1.1" 200 1981 xaime.net "-" "Mozilla/5.0 (compatible; Baiduspider/2.0; +http://www.baidu.com/search/spider.html)" "-"
220.181.108.178 - - [07/Aug/2014:12:26:36 +0200] "GET / HTTP/1.1" 200 1981 xaime.net "-" "Mozilla/5.0 (compatible; Baiduspider/2.0; +http://www.baidu.com/search/spider.html)" "-"
174.37.205.76 - - [07/Aug/2014:12:46:55 +0200] "GET / HTTP/1.1" 304 - xaime.net "-" "Mozilla/5.0 (X11; U; Linux x86_64; en-US; rv:1.9.0.19; aggregator:Spinn3r (Spinn3r 3.1); http://spinn3r.com/robot) Gecko/2010040121 Firefox/3.0.19" "-"
174.36.228.156 - - [07/Aug/2014:12:52:44 +0200] "GET /feed/atom/ HTTP/1.1" 404 1363 xaime.net "-" "Mozilla/5.0 (X11; U; Linux x86_64; en-US; rv:1.9.0.19; aggregator:Spinn3r (Spinn3r 3.1); http://spinn3r.com/robot) Gecko/2010040121 Firefox/3.0.19" "-"
66.249.67.158 - - [07/Aug/2014:12:58:56 +0200] "GET /robots.txt HTTP/1.1" 404 1363 xaime.net "-" "Mozilla/5.0 (compatible; Googlebot/2.1; +http://www.google.com/bot.html)" "-"
66.249.67.132 - - [07/Aug/2014:12:58:57 +0200] "GET /feed/ HTTP/1.1" 404 1363 xaime.net "-" "Mozilla/5.0 (compatible; Googlebot/2.1; +http://www.google.com/bot.html)" "-"
173.192.238.44 - - [07/Aug/2014:13:17:02 +0200] "GET / HTTP/1.1" 304 - xaime.net "-" "Mozilla/5.0 (X11; U; Linux x86_64; en-US; rv:1.9.0.19; aggregator:Spinn3r (Spinn3r 3.1); http://spinn3r.com/robot) Gecko/2010040121 Firefox/3.0.19" "-"
174.36.241.151 - - [07/Aug/2014:13:22:57 +0200] "GET /feed/atom/ HTTP/1.1" 404 1363 xaime.net "-" "Mozilla/5.0 (X11; U; Linux x86_64; en-US; rv:1.9.0.19; aggregator:Spinn3r (Spinn3r 3.1); http://spinn3r.com/robot) Gecko/2010040121 Firefox/3.0.19" "-"
123.125.71.110 - - [07/Aug/2014:13:26:21 +0200] "GET / HTTP/1.1" 200 1981 xaime.net "-" "Mozilla/5.0 (compatible; Baiduspider/2.0; +http://www.baidu.com/search/spider.html)" "-"
220.181.108.175 - - [07/Aug/2014:13:26:30 +0200] "GET / HTTP/1.1" 200 1981 xaime.net "-" "Mozilla/5.0 (compatible; Baiduspider/2.0; +http://www.baidu.com/search/spider.html)" "-"
31.3.233.120 - - [07/Aug/2014:13:41:43 +0200] "GET / HTTP/1.1" 200 1981 www.xaime.net "-" "-" "-"
173.192.238.58 - - [07/Aug/2014:13:47:04 +0200] "GET / HTTP/1.1" 304 - xaime.net "-" "Mozilla/5.0 (X11; U; Linux x86_64; en-US; rv:1.9.0.19; aggregator:Spinn3r (Spinn3r 3.1); http://spinn3r.com/robot) Gecko/2010040121 Firefox/3.0.19" "-"
173.192.238.58 - - [07/Aug/2014:13:53:05 +0200] "GET /feed/atom/ HTTP/1.1" 404 1363 xaime.net "-" "Mozilla/5.0 (X11; U; Linux x86_64; en-US; rv:1.9.0.19; aggregator:Spinn3r (Spinn3r 3.1); http://spinn3r.com/robot) Gecko/2010040121 Firefox/3.0.19" "-"
173.192.238.41 - - [07/Aug/2014:14:17:10 +0200] "GET / HTTP/1.1" 304 - xaime.net "-" "Mozilla/5.0 (X11; U; Linux x86_64; en-US; rv:1.9.0.19; aggregator:Spinn3r (Spinn3r 3.1); http://spinn3r.com/robot) Gecko/2010040121 Firefox/3.0.19" "-"
173.192.238.58 - - [07/Aug/2014:14:23:14 +0200] "GET /feed/atom/ HTTP/1.1" 404 1363 xaime.net "-" "Mozilla/5.0 (X11; U; Linux x86_64; en-US; rv:1.9.0.19; aggregator:Spinn3r (Spinn3r 3.1); http://spinn3r.com/robot) Gecko/2010040121 Firefox/3.0.19" "-"
123.125.71.101 - - [07/Aug/2014:14:27:58 +0200] "GET / HTTP/1.1" 200 1981 xaime.net "-" "Mozilla/5.0 (compatible; Baiduspider/2.0; +http://www.baidu.com/search/spider.html)" "-"
220.181.108.176 - - [07/Aug/2014:14:28:07 +0200] "GET / HTTP/1.1" 200 1981 xaime.net "-" "Mozilla/5.0 (compatible; Baiduspider/2.0; +http://www.baidu.com/search/spider.html)" "-"
173.192.238.44 - - [07/Aug/2014:14:47:15 +0200] "GET / HTTP/1.1" 304 - xaime.net "-" "Mozilla/5.0 (X11; U; Linux x86_64; en-US; rv:1.9.0.19; aggregator:Spinn3r (Spinn3r 3.1); http://spinn3r.com/robot) Gecko/2010040121 Firefox/3.0.19" "-"
173.192.238.58 - - [07/Aug/2014:14:53:19 +0200] "GET /feed/atom/ HTTP/1.1" 404 1363 xaime.net "-" "Mozilla/5.0 (X11; U; Linux x86_64; en-US; rv:1.9.0.19; aggregator:Spinn3r (Spinn3r 3.1); http://spinn3r.com/robot) Gecko/2010040121 Firefox/3.0.19" "-"
157.55.39.112 - - [07/Aug/2014:15:01:01 +0200] "GET / HTTP/1.1" 200 1981 xaime.net "-" "Mozilla/5.0 (compatible; bingbot/2.0; +http://www.bing.com/bingbot.htm)" "-"
173.192.238.44 - - [07/Aug/2014:15:17:20 +0200] "GET / HTTP/1.1" 304 - xaime.net "-" "Mozilla/5.0 (X11; U; Linux x86_64; en-US; rv:1.9.0.19; aggregator:Spinn3r (Spinn3r 3.1); http://spinn3r.com/robot) Gecko/2010040121 Firefox/3.0.19" "-"
174.36.241.151 - - [07/Aug/2014:15:23:26 +0200] "GET /feed/atom/ HTTP/1.1" 404 1363 xaime.net "-" "Mozilla/5.0 (X11; U; Linux x86_64; en-US; rv:1.9.0.19; aggregator:Spinn3r (Spinn3r 3.1); http://spinn3r.com/robot) Gecko/2010040121 Firefox/3.0.19" "-"
173.192.238.44 - - [07/Aug/2014:15:47:24 +0200] "GET / HTTP/1.1" 304 - xaime.net "-" "Mozilla/5.0 (X11; U; Linux x86_64; en-US; rv:1.9.0.19; aggregator:Spinn3r (Spinn3r 3.1); http://spinn3r.com/robot) Gecko/2010040121 Firefox/3.0.19" "-"
174.37.205.76 - - [07/Aug/2014:15:53:31 +0200] "GET /feed/atom/ HTTP/1.1" 404 1363 xaime.net "-" "Mozilla/5.0 (X11; U; Linux x86_64; en-US; rv:1.9.0.19; aggregator:Spinn3r (Spinn3r 3.1); http://spinn3r.com/robot) Gecko/2010040121 Firefox/3.0.19" "-"
173.192.238.44 - - [07/Aug/2014:16:17:25 +0200] "GET / HTTP/1.1" 304 - xaime.net "-" "Mozilla/5.0 (X11; U; Linux x86_64; en-US; rv:1.9.0.19; aggregator:Spinn3r (Spinn3r 3.1); http://spinn3r.com/robot) Gecko/2010040121 Firefox/3.0.19" "-"
174.36.228.156 - - [07/Aug/2014:16:23:40 +0200] "GET /feed/atom/ HTTP/1.1" 404 1363 xaime.net "-" "Mozilla/5.0 (X11; U; Linux x86_64; en-US; rv:1.9.0.19; aggregator:Spinn3r (Spinn3r 3.1); http://spinn3r.com/robot) Gecko/2010040121 Firefox/3.0.19" "-"
173.192.238.41 - - [07/Aug/2014:16:47:31 +0200] "GET / HTTP/1.1" 304 - xaime.net "-" "Mozilla/5.0 (X11; U; Linux x86_64; en-US; rv:1.9.0.19; aggregator:Spinn3r (Spinn3r 3.1); http://spinn3r.com/robot) Gecko/2010040121 Firefox/3.0.19" "-"
174.37.205.76 - - [07/Aug/2014:16:53:45 +0200] "GET /feed/atom/ HTTP/1.1" 404 1363 xaime.net "-" "Mozilla/5.0 (X11; U; Linux x86_64; en-US; rv:1.9.0.19; aggregator:Spinn3r (Spinn3r 3.1); http://spinn3r.com/robot) Gecko/2010040121 Firefox/3.0.19" "-"
146.148.46.124 - - [07/Aug/2014:17:06:49 +0200] "GET / HTTP/1.0" 200 1981 xaime.net "-" "NerdyBot" "-"
173.192.238.58 - - [07/Aug/2014:17:17:38 +0200] "GET / HTTP/1.1" 304 - xaime.net "-" "Mozilla/5.0 (X11; U; Linux x86_64; en-US; rv:1.9.0.19; aggregator:Spinn3r (Spinn3r 3.1); http://spinn3r.com/robot) Gecko/2010040121 Firefox/3.0.19" "-"
173.192.238.44 - - [07/Aug/2014:17:23:58 +0200] "GET /feed/atom/ HTTP/1.1" 404 1363 xaime.net "-" "Mozilla/5.0 (X11; U; Linux x86_64; en-US; rv:1.9.0.19; aggregator:Spinn3r (Spinn3r 3.1); http://spinn3r.com/robot) Gecko/2010040121 Firefox/3.0.19" "-"
173.192.238.41 - - [07/Aug/2014:17:47:54 +0200] "GET / HTTP/1.1" 304 - xaime.net "-" "Mozilla/5.0 (X11; U; Linux x86_64; en-US; rv:1.9.0.19; aggregator:Spinn3r (Spinn3r 3.1); http://spinn3r.com/robot) Gecko/2010040121 Firefox/3.0.19" "-"
37.11.187.211 - - [07/Aug/2014:17:50:44 +0200] "GET /wp-content/uploads/2007/05/peon.jpg HTTP/1.1" 404 1363 xaime.net "http://www.forocoches.com/foro/showthread.php?t=821435" "Mozilla/5.0 (Windows NT 6.3; WOW64; rv:31.0) Gecko/20100101 Firefox/31.0" "-"
173.192.238.41 - - [07/Aug/2014:17:54:03 +0200] "GET /feed/atom/ HTTP/1.1" 404 1363 xaime.net "-" "Mozilla/5.0 (X11; U; Linux x86_64; en-US; rv:1.9.0.19; aggregator:Spinn3r (Spinn3r 3.1); http://spinn3r.com/robot) Gecko/2010040121 Firefox/3.0.19" "-"
178.77.126.55 - - [07/Aug/2014:18:01:01 +0200] "GET /robots.txt HTTP/1.1" 404 1363 www.xaime.net "-" "Mozilla/5.0 (compatible; CareerBot/1.1; +http://www.career-x.de/bot.html)" "-"
178.77.126.55 - - [07/Aug/2014:18:01:01 +0200] "GET / HTTP/1.1" 200 1981 www.xaime.net "-" "Mozilla/5.0 (compatible; CareerBot/1.1; +http://www.career-x.de/bot.html)" "-"
37.11.187.211 - - [07/Aug/2014:18:20:28 +0200] "GET / HTTP/1.1" 304 - xaime.net "http://www.google.es/search?q=xaime+m%C3%A9ndez+rico&prmd=ivns&ei=OafjU_HxEOHY7AaXroGYBA&start=10&sa=N" "Mozilla/5.0 (Linux; U; Android 2.2; en-ca; GT-P1000M Build/FROYO) AppleWebKit/533.1 (KHTML, like Gecko) Version/4.0 Mobile Safari/533.1" "-"
37.11.187.211 - - [07/Aug/2014:18:20:28 +0200] "GET /peixe.gif HTTP/1.1" 304 - xaime.net "http://xaime.net/" "Mozilla/5.0 (Linux; U; Android 2.2; en-ca; GT-P1000M Build/FROYO) AppleWebKit/533.1 (KHTML, like Gecko) Version/4.0 Mobile Safari/533.1" "-"
173.192.238.41 - - [07/Aug/2014:18:21:20 +0200] "GET / HTTP/1.1" 304 - xaime.net "-" "Mozilla/5.0 (X11; U; Linux x86_64; en-US; rv:1.9.0.19; aggregator:Spinn3r (Spinn3r 3.1); http://spinn3r.com/robot) Gecko/2010040121 Firefox/3.0.19" "-"
37.11.187.211 - - [07/Aug/2014:18:22:15 +0200] "GET / HTTP/1.1" 200 1986 xaime.net "http://www.google.es/search?q=xaime+m%C3%A9ndez+dr%C3%A1cula&oq=xaime+m%C3%A9ndez+dr%C3%A1cula&gs_l=mobile-heirloom-serp.3...100029.103141.0.103861.11.11.0.0.0.0.177.1223.5j6.11.0....0...1c.1.34.mobile-heirloom-serp..10.1.60.enjjtqGmvxQ" "Mozilla/5.0 (Linux; U; Android 2.2; en-ca; GT-P1000M Build/FROYO) AppleWebKit/533.1 (KHTML, like Gecko) Version/4.0 Mobile Safari/533.1" "-"
37.11.187.211 - - [07/Aug/2014:18:22:15 +0200] "GET /peixe.gif HTTP/1.1" 200 5876 xaime.net "http://xaime.net/" "Mozilla/5.0 (Linux; U; Android 2.2; en-ca; GT-P1000M Build/FROYO) AppleWebKit/533.1 (KHTML, like Gecko) Version/4.0 Mobile Safari/533.1" "-"
37.11.187.211 - - [07/Aug/2014:18:24:01 +0200] "GET /xaimenet HTTP/1.1" 200 - linkea.eu "http://l.facebook.com/l.php?u=http%3A%2F%2Flinkea.eu%2Fxaimenet&h=DAQExLrXO&s=1" "Mozilla/5.0 (Windows NT 6.3; WOW64; rv:31.0) Gecko/20100101 Firefox/31.0" "-"
37.11.187.211 - - [07/Aug/2014:18:24:02 +0200] "GET / HTTP/1.1" 304 - xaime.net "http://l.facebook.com/l.php?u=http%3A%2F%2Flinkea.eu%2Fxaimenet&h=DAQExLrXO&s=1" "Mozilla/5.0 (Windows NT 6.3; WOW64; rv:31.0) Gecko/20100101 Firefox/31.0" "-"
173.192.238.41 - - [07/Aug/2014:18:24:08 +0200] "GET /feed/atom/ HTTP/1.1" 404 1363 xaime.net "-" "Mozilla/5.0 (X11; U; Linux x86_64; en-US; rv:1.9.0.19; aggregator:Spinn3r (Spinn3r 3.1); http://spinn3r.com/robot) Gecko/2010040121 Firefox/3.0.19" "-"
213.179.127.159 - - [07/Aug/2014:18:36:01 +0200] "GET / HTTP/1.1" 200 1986 xaime.net "http://www.google.es/search?q=xaime+mendez&client=ms-android-google&hl=es&source=android-browser-type&v=133247963&ei=2KrjU5CTLqWf7AbbxYHIDA&start=10&sa=N&biw=320&bih=455" "Mozilla/5.0 (Linux; U; Android 2.3.7; es-es; GT-S5830 Build/GRWK74; CyanogenMod-7.2.0) AppleWebKit/533.1 (KHTML, like Gecko) Version/4.0 Mobile Safari/533.1" "-"
213.179.127.159 - - [07/Aug/2014:18:36:02 +0200] "GET /peixe.gif HTTP/1.1" 200 5876 xaime.net "http://xaime.net/" "Mozilla/5.0 (Linux; U; Android 2.3.7; es-es; GT-S5830 Build/GRWK74; CyanogenMod-7.2.0) AppleWebKit/533.1 (KHTML, like Gecko) Version/4.0 Mobile Safari/533.1" "-"
213.179.127.159 - - [07/Aug/2014:18:36:03 +0200] "GET /favicon.ico HTTP/1.1" 404 1363 xaime.net "http://xaime.net/" "Mozilla/5.0 (Linux; U; Android 2.3.7; es-es; GT-S5830 Build/GRWK74; CyanogenMod-7.2.0) AppleWebKit/533.1 (KHTML, like Gecko) Version/4.0 Mobile Safari/533.1" "-"
202.46.54.45 - - [07/Aug/2014:18:38:13 +0200] "GET / HTTP/1.1" 200 1986 xaime.net "-" "Mozilla/4.0 (compatible; MSIE 7.0; Windows NT 6.0)" "-"
119.63.193.194 - - [07/Aug/2014:18:38:13 +0200] "GET / HTTP/1.1" 200 1986 xaime.net "-" "Mozilla/4.0 (compatible; MSIE 7.0; Windows NT 6.0)" "-"
123.125.71.70 - - [07/Aug/2014:18:39:03 +0200] "GET / HTTP/1.1" 200 1986 xaime.net "-" "Mozilla/5.0 (compatible; Baiduspider/2.0; +http://www.baidu.com/search/spider.html)" "-"
220.181.108.146 - - [07/Aug/2014:18:39:22 +0200] "GET / HTTP/1.1" 200 1986 xaime.net "-" "Mozilla/5.0 (compatible; Baiduspider/2.0; +http://www.baidu.com/search/spider.html)" "-"
207.46.13.16 - - [07/Aug/2014:18:49:01 +0200] "GET /fotos/ HTTP/1.1" 404 1363 xaime.net "-" "Mozilla/5.0 (compatible; bingbot/2.0; +http://www.bing.com/bingbot.htm)" "-"
174.36.241.151 - - [07/Aug/2014:18:51:23 +0200] "GET / HTTP/1.1" 200 1986 xaime.net "-" "Mozilla/5.0 (X11; U; Linux x86_64; en-US; rv:1.9.0.19; aggregator:Spinn3r (Spinn3r 3.1); http://spinn3r.com/robot) Gecko/2010040121 Firefox/3.0.19" "-"
174.36.241.151 - - [07/Aug/2014:18:54:17 +0200] "GET /feed/atom/ HTTP/1.1" 404 1363 xaime.net "-" "Mozilla/5.0 (X11; U; Linux x86_64; en-US; rv:1.9.0.19; aggregator:Spinn3r (Spinn3r 3.1); http://spinn3r.com/robot) Gecko/2010040121 Firefox/3.0.19" "-"
66.249.67.158 - - [07/Aug/2014:18:59:39 +0200] "GET /robots.txt HTTP/1.1" 404 1363 xaime.net "-" "Mozilla/5.0 (compatible; Googlebot/2.1; +http://www.google.com/bot.html)" "-"
66.249.67.158 - - [07/Aug/2014:18:59:39 +0200] "GET /2006/11/07/nada-menos/ HTTP/1.1" 404 1363 xaime.net "-" "Mozilla/5.0 (compatible; Googlebot/2.1; +http://www.google.com/bot.html)" "-"
66.249.67.81 - - [07/Aug/2014:19:02:12 +0200] "GET / HTTP/1.1" 200 1986 www.xaime.net "-" "SAMSUNG-SGH-E250/1.0 Profile/MIDP-2.0 Configuration/CLDC-1.1 UP.Browser/6.2.3.3.c.1.101 (GUI) MMP/2.0 (compatible; Googlebot-Mobile/2.1; +http://www.google.com/bot.html)" "-"
174.36.228.156 - - [07/Aug/2014:19:21:32 +0200] "GET / HTTP/1.1" 304 - xaime.net "-" "Mozilla/5.0 (X11; U; Linux x86_64; en-US; rv:1.9.0.19; aggregator:Spinn3r (Spinn3r 3.1); http://spinn3r.com/robot) Gecko/2010040121 Firefox/3.0.19" "-"
174.37.205.76 - - [07/Aug/2014:19:25:02 +0200] "GET /feed/atom/ HTTP/1.1" 404 1363 xaime.net "-" "Mozilla/5.0 (X11; U; Linux x86_64; en-US; rv:1.9.0.19; aggregator:Spinn3r (Spinn3r 3.1); http://spinn3r.com/robot) Gecko/2010040121 Firefox/3.0.19" "-"
37.59.20.217 - - [07/Aug/2014:19:39:08 +0200] "GET /robots.txt HTTP/1.0" 403 - xaime.net "-" "Mozilla/5.0 (compatible; MJ12bot/v1.4.5; http://www.majestic12.co.uk/bot.php?+)" "-"
173.192.238.41 - - [07/Aug/2014:19:51:33 +0200] "GET / HTTP/1.1" 304 - xaime.net "-" "Mozilla/5.0 (X11; U; Linux x86_64; en-US; rv:1.9.0.19; aggregator:Spinn3r (Spinn3r 3.1); http://spinn3r.com/robot) Gecko/2010040121 Firefox/3.0.19" "-"
174.36.241.151 - - [07/Aug/2014:19:55:10 +0200] "GET /feed/atom/ HTTP/1.1" 404 1363 xaime.net "-" "Mozilla/5.0 (X11; U; Linux x86_64; en-US; rv:1.9.0.19; aggregator:Spinn3r (Spinn3r 3.1); http://spinn3r.com/robot) Gecko/2010040121 Firefox/3.0.19" "-"
174.37.205.76 - - [07/Aug/2014:20:25:16 +0200] "GET /feed/atom/ HTTP/1.1" 404 1363 xaime.net "-" "Mozilla/5.0 (X11; U; Linux x86_64; en-US; rv:1.9.0.19; aggregator:Spinn3r (Spinn3r 3.1); http://spinn3r.com/robot) Gecko/2010040121 Firefox/3.0.19" "-"
37.11.187.211 - - [07/Aug/2014:20:26:59 +0200] "GET / HTTP/1.1" 200 1986 xaime.net "-" "Mozilla/5.0 (Windows NT 6.3; WOW64) AppleWebKit/537.36 (KHTML, like Gecko) Chrome/36.0.1985.125 Safari/537.36" "-"
37.11.187.211 - - [07/Aug/2014:20:26:59 +0200] "GET /peixe.gif HTTP/1.1" 200 5876 xaime.net "http://xaime.net/" "Mozilla/5.0 (Windows NT 6.3; WOW64) AppleWebKit/537.36 (KHTML, like Gecko) Chrome/36.0.1985.125 Safari/537.36" "-"
37.11.187.211 - - [07/Aug/2014:20:26:59 +0200] "GET /favicon.ico HTTP/1.1" 404 1363 xaime.net "-" "Mozilla/5.0 (Windows NT 6.3; WOW64) AppleWebKit/537.36 (KHTML, like Gecko) Chrome/36.0.1985.125 Safari/537.36" "-"
173.192.238.58 - - [07/Aug/2014:20:27:23 +0200] "GET / HTTP/1.1" 304 - xaime.net "-" "Mozilla/5.0 (X11; U; Linux x86_64; en-US; rv:1.9.0.19; aggregator:Spinn3r (Spinn3r 3.1); http://spinn3r.com/robot) Gecko/2010040121 Firefox/3.0.19" "-"
37.11.187.211 - - [07/Aug/2014:20:43:11 +0200] "GET / HTTP/1.1" 200 2000 xaime.net "http://www.google.es/url?sa=t&rct=j&q=&esrc=s&source=web&cd=11&ved=0CB8QFjAAOAo&url=http%3A%2F%2Fxaime.net%2F&ei=vcjjU9jJMZCf7Ab3n4DgDA&usg=AFQjCNGlQSNtByVv4t50aWmeXG8LERZEvg&bvm=bv.72676100,d.ZWU" "Mozilla/5.0 (Windows NT 6.3; WOW64; rv:31.0) Gecko/20100101 Firefox/31.0" "-"
37.11.187.211 - - [07/Aug/2014:20:43:11 +0200] "GET /peixe.gif HTTP/1.1" 200 5876 xaime.net "http://xaime.net/" "Mozilla/5.0 (Windows NT 6.3; WOW64; rv:31.0) Gecko/20100101 Firefox/31.0" "-"
66.249.67.132 - - [07/Aug/2014:20:45:47 +0200] "GET /wp-content/uploads/2006/08/magnum_pi.gif HTTP/1.1" 404 1363 xaime.net "-" "Googlebot-Image/1.0" "-"
174.36.228.156 - - [07/Aug/2014:20:55:29 +0200] "GET /feed/atom/ HTTP/1.1" 404 1363 xaime.net "-" "Mozilla/5.0 (X11; U; Linux x86_64; en-US; rv:1.9.0.19; aggregator:Spinn3r (Spinn3r 3.1); http://spinn3r.com/robot) Gecko/2010040121 Firefox/3.0.19" "-"
174.36.228.156 - - [07/Aug/2014:20:57:29 +0200] "GET / HTTP/1.1" 200 2000 xaime.net "-" "Mozilla/5.0 (X11; U; Linux x86_64; en-US; rv:1.9.0.19; aggregator:Spinn3r (Spinn3r 3.1); http://spinn3r.com/robot) Gecko/2010040121 Firefox/3.0.19" "-"
66.249.67.158 - - [07/Aug/2014:20:58:40 +0200] "GET /2008/07/11/a-foto-de-fene/ HTTP/1.1" 404 1363 xaime.net "-" "Mozilla/5.0 (compatible; Googlebot/2.1; +http://www.google.com/bot.html)" "-"
174.36.241.151 - - [07/Aug/2014:21:25:42 +0200] "GET /feed/atom/ HTTP/1.1" 404 1363 xaime.net "-" "Mozilla/5.0 (X11; U; Linux x86_64; en-US; rv:1.9.0.19; aggregator:Spinn3r (Spinn3r 3.1); http://spinn3r.com/robot) Gecko/2010040121 Firefox/3.0.19" "-"
173.192.238.44 - - [07/Aug/2014:21:27:35 +0200] "GET / HTTP/1.1" 304 - xaime.net "-" "Mozilla/5.0 (X11; U; Linux x86_64; en-US; rv:1.9.0.19; aggregator:Spinn3r (Spinn3r 3.1); http://spinn3r.com/robot) Gecko/2010040121 Firefox/3.0.19" "-"
123.125.71.76 - - [07/Aug/2014:21:28:46 +0200] "GET / HTTP/1.1" 200 2000 xaime.net "-" "Mozilla/5.0 (compatible; Baiduspider/2.0; +http://www.baidu.com/search/spider.html)" "-"
220.181.108.167 - - [07/Aug/2014:21:28:55 +0200] "GET / HTTP/1.1" 200 2000 xaime.net "-" "Mozilla/5.0 (compatible; Baiduspider/2.0; +http://www.baidu.com/search/spider.html)" "-"
186.16.102.103 - - [07/Aug/2014:21:52:34 +0200] "GET /favicon.ico HTTP/1.1" 404 1363 xaime.net "http://blogdeloli.blogspot.com/2007/01/ejemplo-de-pluralismo.html" "Mozilla/5.0 (Windows NT 6.1) AppleWebKit/537.36 (KHTML, like Gecko) Chrome/36.0.1985.125 Safari/537.36" "-"
174.37.205.76 - - [07/Aug/2014:21:55:44 +0200] "GET /feed/atom/ HTTP/1.1" 404 1363 xaime.net "-" "Mozilla/5.0 (X11; U; Linux x86_64; en-US; rv:1.9.0.19; aggregator:Spinn3r (Spinn3r 3.1); http://spinn3r.com/robot) Gecko/2010040121 Firefox/3.0.19" "-"
173.192.238.44 - - [07/Aug/2014:21:57:40 +0200] "GET / HTTP/1.1" 304 - xaime.net "-" "Mozilla/5.0 (X11; U; Linux x86_64; en-US; rv:1.9.0.19; aggregator:Spinn3r (Spinn3r 3.1); http://spinn3r.com/robot) Gecko/2010040121 Firefox/3.0.19" "-"
220.181.108.101 - - [07/Aug/2014:22:07:32 +0200] "GET / HTTP/1.1" 200 2000 xaime.net "-" "Mozilla/5.0 (compatible; Baiduspider/2.0; +http://www.baidu.com/search/spider.html)" "-"
173.192.238.44 - - [07/Aug/2014:22:25:52 +0200] "GET /feed/atom/ HTTP/1.1" 404 1363 xaime.net "-" "Mozilla/5.0 (X11; U; Linux x86_64; en-US; rv:1.9.0.19; aggregator:Spinn3r (Spinn3r 3.1); http://spinn3r.com/robot) Gecko/2010040121 Firefox/3.0.19" "-"
37.11.187.211 - - [07/Aug/2014:22:27:11 +0200] "GET / HTTP/1.1" 200 2014 xaime.net "http://www.bing.com/search?q=xaime+m%C3%A9ndez+rico+xaime.net&qs=n&form=QBRE&pq=xaime+m%C3%A9ndez+rico+xaime.net&sc=0-25&sp=-1&sk=&cvid=1f05547745e1474c812a18e938687f6b" "Mozilla/5.0 (Windows NT 6.3; WOW64; rv:31.0) Gecko/20100101 Firefox/31.0" "-"
174.37.205.76 - - [07/Aug/2014:22:27:52 +0200] "GET / HTTP/1.1" 200 2014 xaime.net "-" "Mozilla/5.0 (X11; U; Linux x86_64; en-US; rv:1.9.0.19; aggregator:Spinn3r (Spinn3r 3.1); http://spinn3r.com/robot) Gecko/2010040121 Firefox/3.0.19" "-"
37.11.187.211 - - [07/Aug/2014:22:28:34 +0200] "GET / HTTP/1.1" 200 2027 xaime.net "http://r.search.yahoo.com/_ylt=A9mSs2o34eNTdkEA2gGT.Qt.;_ylu=X3oDMTE0cnIxMmx0BHNlYwNzcgRwb3MDMQRjb2xvA2lyMgR2dGlkA01TWUVTMDFfMQ--/RV=2/RE=1407472055/RO=10/RU=http%3a%2f%2fxaime.net%2f/RK=0/RS=Ro2QXPzG4sh6n2wzA648sS8k8a4-" "Mozilla/5.0 (Windows NT 6.3; WOW64; rv:31.0) Gecko/20100101 Firefox/31.0" "-"
37.11.187.211 - - [07/Aug/2014:22:28:34 +0200] "GET /peixe.gif HTTP/1.1" 200 5876 xaime.net "http://xaime.net/" "Mozilla/5.0 (Windows NT 6.3; WOW64; rv:31.0) Gecko/20100101 Firefox/31.0" "-"
37.11.187.211 - - [08/Aug/2014:11:08:04 +0200] "GET / HTTP/1.1" 200 2027 xaime.net "-" "Mozilla/5.0 (Windows NT 6.3; WOW64; rv:31.0) Gecko/20100101 Firefox/31.0" "-"
37.11.187.211 - - [08/Aug/2014:11:08:04 +0200] "GET /peixe.gif HTTP/1.1" 200 5876 xaime.net "http://xaime.net/" "Mozilla/5.0 (Windows NT 6.3; WOW64; rv:31.0) Gecko/20100101 Firefox/31.0" "-"
37.11.187.211 - - [08/Aug/2014:11:12:49 +0200] "GET / HTTP/1.1" 200 2027 xaime.net "http://www.bing.com/search?q=%22xaime+m%C3%A9ndez+rico%22&qs=n&form=QBLH&pq=%22xaime+m%C3%A9ndez+rico%22&sc=0-9&sp=-1&sk=&cvid=a0201afc508748fca8460f857eb93181" "Mozilla/5.0 (Windows NT 6.3; WOW64; rv:31.0) Gecko/20100101 Firefox/31.0" "-"
37.11.187.211 - - [08/Aug/2014:11:12:49 +0200] "GET /peixe.gif HTTP/1.1" 200 5876 xaime.net "http://xaime.net/" "Mozilla/5.0 (Windows NT 6.3; WOW64; rv:31.0) Gecko/20100101 Firefox/31.0" "-"
37.11.187.211 - - [08/Aug/2014:11:14:15 +0200] "GET / HTTP/1.1" 200 2031 xaime.net "http://www.bing.com/search?q=%22xaime+m%C3%A9ndez+rico%22&go=Enviar&qs=n&form=QBLH&pq=%22xaime+m%C3%A9ndez+rico%22&sc=0-10&sp=-1&sk=&cvid=30ff1ec098bf43a7b9d307e38d0a88f4" "Mozilla/5.0 (Windows NT 6.3; WOW64) AppleWebKit/537.36 (KHTML, like Gecko) Chrome/36.0.1985.125 Safari/537.36" "-"
37.11.187.211 - - [08/Aug/2014:11:14:16 +0200] "GET /peixe.gif HTTP/1.1" 304 - xaime.net "http://xaime.net/" "Mozilla/5.0 (Windows NT 6.3; WOW64) AppleWebKit/537.36 (KHTML, like Gecko) Chrome/36.0.1985.125 Safari/537.36" "-"
